// Jest Snapshot v1, https://goo.gl/fbAQLP

exports[`EventsCompletedList matches the snapshot 1`] = `
<EventsCompletedList
  events={Array []}
>
  <div
    className="eventscompletedlist-container"
  />
</EventsCompletedList>
`;
