// Jest Snapshot v1, https://goo.gl/fbAQLP

exports[`IconCloseX matches the snapshot 1`] = `
<svg
  fillRule="evenodd"
  height={36}
  style={Object {}}
  viewBox="0 0 26 26"
  width={36}
  xmlns="http://www.w3.org/2000/svg"
>
  <g
    fill="red"
  >
    <polygon
      isolation="isolate"
      points="23.8 25.6 12.6 14.3 1.9 25 0.1 23.2 10.8 12.6 0 1.8 1.8 0 12.6 10.8 23.4 0 25.1 1.8 14.3 12.6 25.6 23.8 23.8 25.6"
    />
  </g>
</svg>
`;
