// Jest Snapshot v1, https://goo.gl/fbAQLP

exports[`MessageBannerNamedGroup matches the snapshot to allow calling 1`] = `
<Fragment>
  <div
    className="messagebanner "
    data-testid="message-banner"
    style={Object {}}
  >
    <div
      className="messagebanner-avatar-wrap"
    >
      <NamedGroupAvatar
        className=""
        style={Object {}}
      />
    </div>
    <Popup
      className="messagebannernamedgroup-member-wrap"
      disabled={false}
      eventsEnabled={true}
      hoverable={true}
      inverted={true}
      on={
        Array [
          "click",
          "hover",
        ]
      }
      pinned={false}
      popperModifiers={Array []}
      position="bottom center"
      trigger={
        <div
          className="messagebannernamedgroup-text-content"
        >
          <span>
            test
          </span>
          <span
            className="messagebanner-label"
          >
            8 Members
          </span>
        </div>
      }
    >
      <MemberList
        members={
          Array [
            Object {
              "displayName": "Agnes Rogers, MD",
              "id": "3",
              "overallStatus": "available",
              "profileImage": "https://www.fillmurray.com/200/200",
            },
            Object {
              "displayName": "David McGinnis, MD",
              "id": "9",
              "overallStatus": "offline",
              "profileImage": "https://www.fillmurray.com/400/400",
            },
            Object {
              "displayName": "David Smith, MD",
              "id": "4",
              "overallStatus": "available",
              "profileImage": "https://www.fillmurray.com/600/600",
            },
            Object {
              "displayName": "Jennifer Reyes",
              "id": "8",
              "overallStatus": "away",
              "profileImage": "https://www.fillmurray.com/500/500",
            },
            Object {
              "displayName": "Paul Jason, RN",
              "id": "6",
              "overallStatus": "busy",
              "profileImage": "https://www.fillmurray.com/700/700",
            },
            Object {
              "displayName": "Rosalyn Stratton, RN",
              "id": "5",
              "overallStatus": "offline",
              "profileImage": "https://www.fillmurray.com/800/800",
            },
            Object {
              "displayName": "Sherry Jackson, MD",
              "id": "10",
              "overallStatus": "offline",
              "profileImage": "https://www.fillmurray.com/200/200",
            },
            Object {
              "displayName": "Tony Hunter",
              "id": "7",
              "overallStatus": "available",
              "profileImage": "https://www.fillmurray.com/450/450",
            },
          ]
        }
      />
    </Popup>
    <button
      className="messagebanner-button messagebanner-adduser-button"
      data-testid="edit-group"
      onClick={[Function]}
    >
      <IconAddUser
        className=""
        color="var(--button_primary_bg)"
        size="34"
        style={Object {}}
      />
    </button>
  </div>
</Fragment>
`;
