// Jest Snapshot v1, https://goo.gl/fbAQLP

exports[`UserCardCallPlaceholder matches the snapshot 1`] = `
<div>
  <div
    className="usercardcall usercardcall-ph"
    key="0s"
    style={
      Object {
        "animationDelay": "0s",
        "paddingLeft": 24,
      }
    }
  >
    <svg
      hieght="25"
      viewBox="0 0 27 25"
      width="27"
      xmlns="http://www.w3.org/2000/svg"
    >
      <path
        d="M12.16,1.82,9.11,7.88l-6.83,1a1.46,1.46,0,0,0-.83,2.5l4.94,4.72L5.22,22.73a1.49,1.49,0,0,0,2.17,1.55l6.11-3.15,6.11,3.15a1.5,1.5,0,0,0,2.17-1.55l-1.17-6.66,4.94-4.72a1.46,1.46,0,0,0-.83-2.5l-6.83-1L14.84,1.82A1.5,1.5,0,0,0,12.16,1.82Z"
        fill="rgba(255, 255, 255, 0.08)"
        isolation="isolate"
        opacity="1"
        stroke="rgba(255, 255, 255, 0.08)"
        strokeWidth="1.5px"
        transform="translate(-0.25 -0.25)"
      />
    </svg>
    <div
      className="usercardcall-ph-avatar"
    />
    <div
      className="usercardcall-ph-text"
    />
  </div>
  <div
    className="usercardcall usercardcall-ph"
    key="0.5s"
    style={
      Object {
        "animationDelay": "0.5s",
        "paddingLeft": 24,
      }
    }
  >
    <svg
      hieght="25"
      viewBox="0 0 27 25"
      width="27"
      xmlns="http://www.w3.org/2000/svg"
    >
      <path
        d="M12.16,1.82,9.11,7.88l-6.83,1a1.46,1.46,0,0,0-.83,2.5l4.94,4.72L5.22,22.73a1.49,1.49,0,0,0,2.17,1.55l6.11-3.15,6.11,3.15a1.5,1.5,0,0,0,2.17-1.55l-1.17-6.66,4.94-4.72a1.46,1.46,0,0,0-.83-2.5l-6.83-1L14.84,1.82A1.5,1.5,0,0,0,12.16,1.82Z"
        fill="rgba(255, 255, 255, 0.08)"
        isolation="isolate"
        opacity="1"
        stroke="rgba(255, 255, 255, 0.08)"
        strokeWidth="1.5px"
        transform="translate(-0.25 -0.25)"
      />
    </svg>
    <div
      className="usercardcall-ph-avatar"
    />
    <div
      className="usercardcall-ph-text"
    />
  </div>
  <div
    className="usercardcall usercardcall-ph"
    key="1s"
    style={
      Object {
        "animationDelay": "1s",
        "paddingLeft": 24,
      }
    }
  >
    <svg
      hieght="25"
      viewBox="0 0 27 25"
      width="27"
      xmlns="http://www.w3.org/2000/svg"
    >
      <path
        d="M12.16,1.82,9.11,7.88l-6.83,1a1.46,1.46,0,0,0-.83,2.5l4.94,4.72L5.22,22.73a1.49,1.49,0,0,0,2.17,1.55l6.11-3.15,6.11,3.15a1.5,1.5,0,0,0,2.17-1.55l-1.17-6.66,4.94-4.72a1.46,1.46,0,0,0-.83-2.5l-6.83-1L14.84,1.82A1.5,1.5,0,0,0,12.16,1.82Z"
        fill="rgba(255, 255, 255, 0.08)"
        isolation="isolate"
        opacity="1"
        stroke="rgba(255, 255, 255, 0.08)"
        strokeWidth="1.5px"
        transform="translate(-0.25 -0.25)"
      />
    </svg>
    <div
      className="usercardcall-ph-avatar"
    />
    <div
      className="usercardcall-ph-text"
    />
  </div>
  <div
    className="usercardcall usercardcall-ph"
    key="1.5s"
    style={
      Object {
        "animationDelay": "1.5s",
        "paddingLeft": 24,
      }
    }
  >
    <svg
      hieght="25"
      viewBox="0 0 27 25"
      width="27"
      xmlns="http://www.w3.org/2000/svg"
    >
      <path
        d="M12.16,1.82,9.11,7.88l-6.83,1a1.46,1.46,0,0,0-.83,2.5l4.94,4.72L5.22,22.73a1.49,1.49,0,0,0,2.17,1.55l6.11-3.15,6.11,3.15a1.5,1.5,0,0,0,2.17-1.55l-1.17-6.66,4.94-4.72a1.46,1.46,0,0,0-.83-2.5l-6.83-1L14.84,1.82A1.5,1.5,0,0,0,12.16,1.82Z"
        fill="rgba(255, 255, 255, 0.08)"
        isolation="isolate"
        opacity="1"
        stroke="rgba(255, 255, 255, 0.08)"
        strokeWidth="1.5px"
        transform="translate(-0.25 -0.25)"
      />
    </svg>
    <div
      className="usercardcall-ph-avatar"
    />
    <div
      className="usercardcall-ph-text"
    />
  </div>
  <div
    className="usercardcall usercardcall-ph"
    key="2s"
    style={
      Object {
        "animationDelay": "2s",
        "paddingLeft": 24,
      }
    }
  >
    <svg
      hieght="25"
      viewBox="0 0 27 25"
      width="27"
      xmlns="http://www.w3.org/2000/svg"
    >
      <path
        d="M12.16,1.82,9.11,7.88l-6.83,1a1.46,1.46,0,0,0-.83,2.5l4.94,4.72L5.22,22.73a1.49,1.49,0,0,0,2.17,1.55l6.11-3.15,6.11,3.15a1.5,1.5,0,0,0,2.17-1.55l-1.17-6.66,4.94-4.72a1.46,1.46,0,0,0-.83-2.5l-6.83-1L14.84,1.82A1.5,1.5,0,0,0,12.16,1.82Z"
        fill="rgba(255, 255, 255, 0.08)"
        isolation="isolate"
        opacity="1"
        stroke="rgba(255, 255, 255, 0.08)"
        strokeWidth="1.5px"
        transform="translate(-0.25 -0.25)"
      />
    </svg>
    <div
      className="usercardcall-ph-avatar"
    />
    <div
      className="usercardcall-ph-text"
    />
  </div>
  <div
    className="usercardcall usercardcall-ph"
    key="2.5s"
    style={
      Object {
        "animationDelay": "2.5s",
        "paddingLeft": 24,
      }
    }
  >
    <svg
      hieght="25"
      viewBox="0 0 27 25"
      width="27"
      xmlns="http://www.w3.org/2000/svg"
    >
      <path
        d="M12.16,1.82,9.11,7.88l-6.83,1a1.46,1.46,0,0,0-.83,2.5l4.94,4.72L5.22,22.73a1.49,1.49,0,0,0,2.17,1.55l6.11-3.15,6.11,3.15a1.5,1.5,0,0,0,2.17-1.55l-1.17-6.66,4.94-4.72a1.46,1.46,0,0,0-.83-2.5l-6.83-1L14.84,1.82A1.5,1.5,0,0,0,12.16,1.82Z"
        fill="rgba(255, 255, 255, 0.08)"
        isolation="isolate"
        opacity="1"
        stroke="rgba(255, 255, 255, 0.08)"
        strokeWidth="1.5px"
        transform="translate(-0.25 -0.25)"
      />
    </svg>
    <div
      className="usercardcall-ph-avatar"
    />
    <div
      className="usercardcall-ph-text"
    />
  </div>
  <div
    className="usercardcall usercardcall-ph"
    key="3s"
    style={
      Object {
        "animationDelay": "3s",
        "paddingLeft": 24,
      }
    }
  >
    <svg
      hieght="25"
      viewBox="0 0 27 25"
      width="27"
      xmlns="http://www.w3.org/2000/svg"
    >
      <path
        d="M12.16,1.82,9.11,7.88l-6.83,1a1.46,1.46,0,0,0-.83,2.5l4.94,4.72L5.22,22.73a1.49,1.49,0,0,0,2.17,1.55l6.11-3.15,6.11,3.15a1.5,1.5,0,0,0,2.17-1.55l-1.17-6.66,4.94-4.72a1.46,1.46,0,0,0-.83-2.5l-6.83-1L14.84,1.82A1.5,1.5,0,0,0,12.16,1.82Z"
        fill="rgba(255, 255, 255, 0.08)"
        isolation="isolate"
        opacity="1"
        stroke="rgba(255, 255, 255, 0.08)"
        strokeWidth="1.5px"
        transform="translate(-0.25 -0.25)"
      />
    </svg>
    <div
      className="usercardcall-ph-avatar"
    />
    <div
      className="usercardcall-ph-text"
    />
  </div>
  <div
    className="usercardcall usercardcall-ph"
    key="3.5s"
    style={
      Object {
        "animationDelay": "3.5s",
        "paddingLeft": 24,
      }
    }
  >
    <svg
      hieght="25"
      viewBox="0 0 27 25"
      width="27"
      xmlns="http://www.w3.org/2000/svg"
    >
      <path
        d="M12.16,1.82,9.11,7.88l-6.83,1a1.46,1.46,0,0,0-.83,2.5l4.94,4.72L5.22,22.73a1.49,1.49,0,0,0,2.17,1.55l6.11-3.15,6.11,3.15a1.5,1.5,0,0,0,2.17-1.55l-1.17-6.66,4.94-4.72a1.46,1.46,0,0,0-.83-2.5l-6.83-1L14.84,1.82A1.5,1.5,0,0,0,12.16,1.82Z"
        fill="rgba(255, 255, 255, 0.08)"
        isolation="isolate"
        opacity="1"
        stroke="rgba(255, 255, 255, 0.08)"
        strokeWidth="1.5px"
        transform="translate(-0.25 -0.25)"
      />
    </svg>
    <div
      className="usercardcall-ph-avatar"
    />
    <div
      className="usercardcall-ph-text"
    />
  </div>
  <div
    className="usercardcall usercardcall-ph"
    key="4s"
    style={
      Object {
        "animationDelay": "4s",
        "paddingLeft": 24,
      }
    }
  >
    <svg
      hieght="25"
      viewBox="0 0 27 25"
      width="27"
      xmlns="http://www.w3.org/2000/svg"
    >
      <path
        d="M12.16,1.82,9.11,7.88l-6.83,1a1.46,1.46,0,0,0-.83,2.5l4.94,4.72L5.22,22.73a1.49,1.49,0,0,0,2.17,1.55l6.11-3.15,6.11,3.15a1.5,1.5,0,0,0,2.17-1.55l-1.17-6.66,4.94-4.72a1.46,1.46,0,0,0-.83-2.5l-6.83-1L14.84,1.82A1.5,1.5,0,0,0,12.16,1.82Z"
        fill="rgba(255, 255, 255, 0.08)"
        isolation="isolate"
        opacity="1"
        stroke="rgba(255, 255, 255, 0.08)"
        strokeWidth="1.5px"
        transform="translate(-0.25 -0.25)"
      />
    </svg>
    <div
      className="usercardcall-ph-avatar"
    />
    <div
      className="usercardcall-ph-text"
    />
  </div>
  <div
    className="usercardcall usercardcall-ph"
    key="4.5s"
    style={
      Object {
        "animationDelay": "4.5s",
        "paddingLeft": 24,
      }
    }
  >
    <svg
      hieght="25"
      viewBox="0 0 27 25"
      width="27"
      xmlns="http://www.w3.org/2000/svg"
    >
      <path
        d="M12.16,1.82,9.11,7.88l-6.83,1a1.46,1.46,0,0,0-.83,2.5l4.94,4.72L5.22,22.73a1.49,1.49,0,0,0,2.17,1.55l6.11-3.15,6.11,3.15a1.5,1.5,0,0,0,2.17-1.55l-1.17-6.66,4.94-4.72a1.46,1.46,0,0,0-.83-2.5l-6.83-1L14.84,1.82A1.5,1.5,0,0,0,12.16,1.82Z"
        fill="rgba(255, 255, 255, 0.08)"
        isolation="isolate"
        opacity="1"
        stroke="rgba(255, 255, 255, 0.08)"
        strokeWidth="1.5px"
        transform="translate(-0.25 -0.25)"
      />
    </svg>
    <div
      className="usercardcall-ph-avatar"
    />
    <div
      className="usercardcall-ph-text"
    />
  </div>
</div>
`;
